
=== 2026-05-13 20:43:26 BST — nightly publish ===
publish_kb.py summary (APPLY):
  • 345 concepts emitted
  • 0 skipped (private macro — frameworks/markets)
  • 29 skipped (other)

By macro:
  compute                40
  memory                 13
  sensing                21
  communications         25
  energy-power           54
  manufacturing          47
  materials              44
  photonic-systems       34
  life-frontier          67
No changes since last publish — skipping commit + push.

=== 2026-05-14 07:30:14 BST — nightly publish ===
publish_kb.py summary (APPLY):
  • 345 concepts emitted
  • 0 skipped (private macro — frameworks/markets)
  • 29 skipped (other)

By macro:
  compute                40
  memory                 13
  sensing                21
  communications         25
  energy-power           54
  manufacturing          47
  materials              44
  photonic-systems       34
  life-frontier          67
Pushed snapshot. GitHub Action will rebuild + redeploy.

=== 2026-05-15 07:39:32 BST — nightly publish ===
publish_kb.py summary (APPLY):
  • 345 concepts emitted
  • 0 skipped (private macro — frameworks/markets)
  • 29 skipped (other)
  • atlas: 345 nodes, 70 edges

By macro:
  compute                40
  memory                 13
  sensing                21
  communications         25
  energy-power           54
  manufacturing          47
  materials              44
  photonic-systems       34
  life-frontier          67
Pushed snapshot. GitHub Action will rebuild + redeploy.

=== 2026-05-17 18:57:39 BST — nightly publish ===
publish_kb.py summary (APPLY):
  • 345 concepts emitted
  • 0 skipped (private macro — frameworks/markets)
  • 29 skipped (other)
  • atlas: 345 nodes, 70 edges

By macro:
  compute                40
  memory                 13
  sensing                21
  communications         25
  energy-power           54
  manufacturing          47
  materials              44
  photonic-systems       34
  life-frontier          67
Pushed snapshot. GitHub Action will rebuild + redeploy.

=== 2026-05-18 07:30:00 BST — nightly publish ===
publish_kb.py summary (APPLY):
  • 345 concepts emitted
  • 0 skipped (private macro — frameworks/markets)
  • 29 skipped (other)
  • atlas: 345 nodes, 70 edges

By macro:
  compute                40
  memory                 13
  sensing                21
  communications         25
  energy-power           54
  manufacturing          47
  materials              44
  photonic-systems       34
  life-frontier          67
Pushed snapshot. GitHub Action will rebuild + redeploy.

=== 2026-05-19 07:41:45 BST — nightly publish ===

=== 2026-05-20 07:39:20 CEST — nightly publish ===
publish_kb.py summary (APPLY):
  • 345 concepts emitted
  • 0 skipped (private macro — frameworks/markets)
  • 29 skipped (other)
  • atlas: 345 nodes, 70 edges

By macro:
  compute                40
  memory                 13
  sensing                21
  communications         25
  energy-power           54
  manufacturing          47
  materials              44
  photonic-systems       34
  life-frontier          67
fatal: unable to access 'https://github.com/lawrencestefanlundy/sotf-site.git/': Could not resolve host: github.com

=== 2026-05-21 07:37:47 CEST — nightly publish ===
publish_kb.py summary (APPLY):
  • 345 concepts emitted
  • 0 skipped (private macro — frameworks/markets)
  • 29 skipped (other)
  • atlas: 345 nodes, 70 edges

By macro:
  compute                40
  memory                 13
  sensing                21
  communications         25
  energy-power           54
  manufacturing          47
  materials              44
  photonic-systems       34
  life-frontier          67
Pushed snapshot. GitHub Action will rebuild + redeploy.

=== 2026-05-22 06:36:03 BST — nightly publish ===
publish_kb.py summary (APPLY):
  • 345 concepts emitted
  • 0 skipped (private macro — frameworks/markets)
  • 29 skipped (other)
  • atlas: 345 nodes, 70 edges

By macro:
  compute                40
  memory                 13
  sensing                21
  communications         25
  energy-power           54
  manufacturing          47
  materials              44
  photonic-systems       34
  life-frontier          67
fatal: unable to access 'https://github.com/lawrencestefanlundy/sotf-site.git/': Could not resolve host: github.com

=== 2026-05-23 06:33:46 BST — nightly publish ===
publish_kb.py summary (APPLY):
  • 345 concepts emitted
  • 0 skipped (private macro — frameworks/markets)
  • 29 skipped (other)
  • atlas: 345 nodes, 70 edges

By macro:
  compute                40
  memory                 13
  sensing                21
  communications         25
  energy-power           54
  manufacturing          47
  materials              44
  photonic-systems       34
  life-frontier          67
Pushed snapshot. GitHub Action will rebuild + redeploy.

=== 2026-05-24 06:39:44 BST — nightly publish ===
publish_kb.py summary (APPLY):
  • 345 concepts emitted
  • 0 skipped (private macro — frameworks/markets)
  • 29 skipped (other)
  • atlas: 345 nodes, 70 edges

By macro:
  compute                40
  memory                 13
  sensing                21
  communications         25
  energy-power           54
  manufacturing          47
  materials              44
  photonic-systems       34
  life-frontier          67
fatal: unable to access 'https://github.com/lawrencestefanlundy/sotf-site.git/': Could not resolve host: github.com

=== 2026-05-25 06:46:13 BST — nightly publish ===
publish_kb.py summary (APPLY):
  • 345 concepts emitted
  • 0 skipped (private macro — frameworks/markets)
  • 29 skipped (other)
  • atlas: 345 nodes, 70 edges

By macro:
  compute                40
  memory                 13
  sensing                21
  communications         25
  energy-power           54
  manufacturing          47
  materials              44
  photonic-systems       34
  life-frontier          67
No changes since last publish — skipping commit + push.

=== 2026-05-26 06:30:01 BST — nightly publish ===
publish_kb.py summary (APPLY):
  • 345 concepts emitted
  • 0 skipped (private macro — frameworks/markets)
  • 29 skipped (other)
  • atlas: 345 nodes, 70 edges

By macro:
  compute                40
  memory                 13
  sensing                21
  communications         25
  energy-power           54
  manufacturing          47
  materials              44
  photonic-systems       34
  life-frontier          67
Pushed snapshot. GitHub Action will rebuild + redeploy.

=== 2026-05-27 06:42:50 BST — nightly publish ===
publish_kb.py summary (APPLY):
  • 345 concepts emitted
  • 0 skipped (private macro — frameworks/markets)
  • 29 skipped (other)
  • atlas: 345 nodes, 70 edges

By macro:
  compute                40
  memory                 13
  sensing                21
  communications         25
  energy-power           54
  manufacturing          47
  materials              44
  photonic-systems       34
  life-frontier          67
Pushed snapshot. GitHub Action will rebuild + redeploy.

=== 2026-05-28 06:30:04 BST — nightly publish ===
publish_kb.py summary (APPLY):
  • 348 concepts emitted
  • 0 skipped (private macro — frameworks/markets)
  • 36 skipped (other)
  • atlas: 348 nodes, 83 edges

By macro:
  compute                43
  memory                 13
  sensing                21
  communications         25
  energy-power           54
  manufacturing          47
  materials              44
  photonic-systems       34
  life-frontier          67
Pushed snapshot. GitHub Action will rebuild + redeploy.

=== 2026-05-29 06:30:03 BST — nightly publish ===
publish_kb.py summary (APPLY):
  • 348 concepts emitted
  • 0 skipped (private macro — frameworks/markets)
  • 36 skipped (other)
  • atlas: 348 nodes, 83 edges

By macro:
  compute                43
  memory                 13
  sensing                21
  communications         25
  energy-power           54
  manufacturing          47
  materials              44
  photonic-systems       34
  life-frontier          67
Pushed snapshot. GitHub Action will rebuild + redeploy.

=== 2026-05-30 06:30:02 BST — nightly publish ===
publish_kb.py summary (APPLY):
  • 348 concepts emitted
  • 0 skipped (private macro — frameworks/markets)
  • 36 skipped (other)
  • atlas: 348 nodes, 83 edges

By macro:
  compute                43
  memory                 13
  sensing                21
  communications         25
  energy-power           54
  manufacturing          47
  materials              44
  photonic-systems       34
  life-frontier          67
Pushed snapshot. GitHub Action will rebuild + redeploy.

=== 2026-05-31 06:30:00 BST — nightly publish ===
publish_kb.py summary (APPLY):
  • 361 concepts emitted
  • 0 skipped (private macro — frameworks/markets)
  • 37 skipped (other)
  • atlas: 361 nodes, 151 edges

By macro:
  compute                48
  memory                 13
  sensing                21
  communications         28
  energy-power           54
  manufacturing          51
  materials              44
  photonic-systems       35
  life-frontier          67
Pushed snapshot. GitHub Action will rebuild + redeploy.

=== 2026-06-01 07:30:39 BST — nightly publish ===
publish_kb.py summary (APPLY):
  • 361 concepts emitted
  • 0 skipped (private macro — frameworks/markets)
  • 37 skipped (other)
  • atlas: 361 nodes, 151 edges

By macro:
  compute                48
  memory                 13
  sensing                21
  communications         28
  energy-power           54
  manufacturing          51
  materials              44
  photonic-systems       35
  life-frontier          67
Pushed snapshot. GitHub Action will rebuild + redeploy.

=== 2026-06-02 07:30:02 BST — nightly publish ===
publish_kb.py summary (APPLY):
  • 395 concepts emitted
  • 0 skipped (private macro — frameworks/markets)
  • 42 skipped (other)
  • atlas: 395 nodes, 163 edges

By macro:
  compute                51
  memory                 14
  sensing                21
  communications         29
  energy-power           55
  manufacturing          55
  materials              61
  photonic-systems       38
  life-frontier          71
Pushed snapshot. GitHub Action will rebuild + redeploy.

=== 2026-06-03 07:30:03 BST — nightly publish ===
publish_kb.py summary (APPLY):
  • 395 concepts emitted
  • 0 skipped (private macro — frameworks/markets)
  • 47 skipped (other)
  • atlas: 395 nodes, 335 edges

By macro:
  compute                51
  memory                 14
  sensing                21
  communications         29
  energy-power           55
  manufacturing          55
  materials              61
  photonic-systems       38
  life-frontier          71
Pushed snapshot. GitHub Action will rebuild + redeploy.

=== 2026-06-04 07:45:40 BST — nightly publish ===
publish_kb.py summary (APPLY):
  • 403 concepts emitted
  • 0 skipped (private macro — frameworks/markets)
  • 48 skipped (other)
  • atlas: 403 nodes, 349 edges

By macro:
  compute                52
  memory                 16
  sensing                21
  communications         29
  energy-power           55
  manufacturing          60
  materials              61
  photonic-systems       38
  life-frontier          71
Pushed snapshot. GitHub Action will rebuild + redeploy.

=== 2026-06-05 07:30:01 BST — nightly publish ===
publish_kb.py summary (APPLY):
  • 404 concepts emitted
  • 0 skipped (private macro — frameworks/markets)
  • 51 skipped (other)
  • atlas: 404 nodes, 356 edges

By macro:
  compute                52
  memory                 16
  sensing                21
  communications         29
  energy-power           55
  manufacturing          60
  materials              61
  photonic-systems       38
  life-frontier          72
Pushed snapshot. GitHub Action will rebuild + redeploy.

=== 2026-06-06 07:38:32 BST — nightly publish ===
publish_kb.py summary (APPLY):
  • 404 concepts emitted
  • 0 skipped (private macro — frameworks/markets)
  • 59 skipped (other)
  • atlas: 404 nodes, 354 edges

By macro:
  compute                52
  memory                 16
  sensing                21
  communications         29
  energy-power           55
  manufacturing          60
  materials              61
  photonic-systems       38
  life-frontier          72
Pushed snapshot. GitHub Action will rebuild + redeploy.

=== 2026-06-07 07:39:50 BST — nightly publish ===
publish_kb.py summary (APPLY):
  • 404 concepts emitted
  • 0 skipped (private macro — frameworks/markets)
  • 59 skipped (other)
  • atlas: 404 nodes, 354 edges

By macro:
  compute                52
  memory                 16
  sensing                21
  communications         29
  energy-power           55
  manufacturing          60
  materials              61
  photonic-systems       38
  life-frontier          72
Pushed snapshot. GitHub Action will rebuild + redeploy.

=== 2026-06-08 08:42:15 CEST — nightly publish ===
publish_kb.py summary (APPLY):
  • 404 concepts emitted
  • 0 skipped (private macro — frameworks/markets)
  • 60 skipped (other)
  • atlas: 404 nodes, 354 edges

By macro:
  compute                52
  memory                 16
  sensing                21
  communications         29
  energy-power           55
  manufacturing          60
  materials              61
  photonic-systems       38
  life-frontier          72
fatal: unable to access 'https://github.com/lawrencestefanlundy/sotf-site.git/': Could not resolve host: github.com

=== 2026-06-09 08:40:39 CEST — nightly publish ===
publish_kb.py summary (APPLY):
  • 404 concepts emitted
  • 0 skipped (private macro — frameworks/markets)
  • 60 skipped (other)
  • atlas: 404 nodes, 354 edges

By macro:
  compute                52
  memory                 16
  sensing                21
  communications         29
  energy-power           55
  manufacturing          60
  materials              61
  photonic-systems       38
  life-frontier          72
Pushed snapshot. GitHub Action will rebuild + redeploy.

=== 2026-06-10 08:36:59 CEST — nightly publish ===
publish_kb.py summary (APPLY):
  • 405 concepts emitted
  • 0 skipped (private macro — frameworks/markets)
  • 60 skipped (other)
  • atlas: 405 nodes, 362 edges

By macro:
  compute                52
  memory                 16
  sensing                21
  communications         29
  energy-power           55
  manufacturing          60
  materials              61
  photonic-systems       38
  life-frontier          73
Pushed snapshot. GitHub Action will rebuild + redeploy.

=== 2026-06-11 08:44:20 CEST — nightly publish ===
publish_kb.py summary (APPLY):
  • 405 concepts emitted
  • 0 skipped (private macro — frameworks/markets)
  • 52 skipped (other)
  • atlas: 405 nodes, 362 edges

By macro:
  compute                52
  memory                 16
  sensing                21
  communications         29
  energy-power           55
  manufacturing          60
  materials              61
  photonic-systems       38
  life-frontier          73
Pushed snapshot. GitHub Action will rebuild + redeploy.

=== 2026-06-12 08:39:23 CEST — nightly publish ===
publish_kb.py summary (APPLY):
  • 405 concepts emitted
  • 0 skipped (private macro — frameworks/markets)
  • 52 skipped (other)
  • atlas: 405 nodes, 362 edges

By macro:
  compute                52
  memory                 16
  sensing                21
  communications         29
  energy-power           55
  manufacturing          60
  materials              61
  photonic-systems       38
  life-frontier          73
Pushed snapshot. GitHub Action will rebuild + redeploy.

=== 2026-06-13 07:39:53 CEST — nightly publish ===
publish_kb.py summary (APPLY):
  • 405 concepts emitted
  • 0 skipped (private macro — frameworks/markets)
  • 52 skipped (other)
  • atlas: 405 nodes, 362 edges

By macro:
  compute                52
  memory                 16
  sensing                21
  communications         29
  energy-power           55
  manufacturing          60
  materials              61
  photonic-systems       38
  life-frontier          73
Pushed snapshot. GitHub Action will rebuild + redeploy.

=== 2026-06-14 06:40:00 BST — nightly publish ===
publish_kb.py summary (APPLY):
  • 408 concepts emitted
  • 0 skipped (private macro — frameworks/markets)
  • 56 skipped (other)
  • atlas: 408 nodes, 368 edges

By macro:
  compute                52
  memory                 16
  sensing                21
  communications         29
  energy-power           56
  manufacturing          60
  materials              62
  photonic-systems       38
  life-frontier          74
Pushed snapshot. GitHub Action will rebuild + redeploy.

=== 2026-06-15 06:32:57 BST — nightly publish ===
publish_kb.py summary (APPLY):
  • 414 concepts emitted
  • 0 skipped (private macro — frameworks/markets)
  • 66 skipped (other)
  • atlas: 414 nodes, 386 edges

By macro:
  compute                56
  memory                 18
  sensing                21
  communications         29
  energy-power           56
  manufacturing          60
  materials              62
  photonic-systems       38
  life-frontier          74
Pushed snapshot. GitHub Action will rebuild + redeploy.

=== 2026-06-16 06:30:49 BST — nightly publish ===
publish_kb.py summary (APPLY):
  • 417 concepts emitted
  • 0 skipped (private macro — frameworks/markets)
  • 66 skipped (other)
  • atlas: 417 nodes, 399 edges

By macro:
  compute                56
  memory                 20
  sensing                21
  communications         29
  energy-power           56
  manufacturing          60
  materials              62
  photonic-systems       39
  life-frontier          74
Pushed snapshot. GitHub Action will rebuild + redeploy.

=== 2026-06-17 06:30:04 BST — nightly publish ===
publish_kb.py summary (APPLY):
  • 427 concepts emitted
  • 0 skipped (private macro — frameworks/markets)
  • 70 skipped (other)
  • atlas: 427 nodes, 454 edges

By macro:
  compute                60
  memory                 24
  sensing                21
  communications         29
  energy-power           56
  manufacturing          60
  materials              62
  photonic-systems       41
  life-frontier          74
Pushed snapshot. GitHub Action will rebuild + redeploy.

=== 2026-06-18 06:43:11 BST — nightly publish ===
publish_kb.py summary (APPLY):
  • 428 concepts emitted
  • 0 skipped (private macro — frameworks/markets)
  • 74 skipped (other)
  • atlas: 428 nodes, 469 edges

By macro:
  compute                60
  memory                 24
  sensing                21
  communications         29
  energy-power           56
  manufacturing          60
  materials              62
  photonic-systems       42
  life-frontier          74
Pushed snapshot. GitHub Action will rebuild + redeploy.

=== 2026-06-19 06:30:28 BST — nightly publish ===
publish_kb.py summary (APPLY):
  • 429 concepts emitted
  • 0 skipped (private macro — frameworks/markets)
  • 77 skipped (other)
  • atlas: 429 nodes, 471 edges

By macro:
  compute                61
  memory                 24
  sensing                21
  communications         29
  energy-power           56
  manufacturing          60
  materials              62
  photonic-systems       42
  life-frontier          74
Pushed snapshot. GitHub Action will rebuild + redeploy.

=== 2026-06-20 06:33:55 BST — nightly publish ===
publish_kb.py summary (APPLY):
  • 429 concepts emitted
  • 0 skipped (private macro — frameworks/markets)
  • 80 skipped (other)
  • atlas: 429 nodes, 471 edges

By macro:
  compute                61
  memory                 24
  sensing                21
  communications         29
  energy-power           56
  manufacturing          60
  materials              62
  photonic-systems       42
  life-frontier          74
Pushed snapshot. GitHub Action will rebuild + redeploy.

=== 2026-06-21 06:30:02 BST — nightly publish ===
publish_kb.py summary (APPLY):
  • 429 concepts emitted
  • 0 skipped (private macro — frameworks/markets)
  • 137 skipped (other)
  • atlas: 429 nodes, 471 edges

By macro:
  compute                61
  memory                 24
  sensing                21
  communications         29
  energy-power           56
  manufacturing          60
  materials              62
  photonic-systems       42
  life-frontier          74
Pushed snapshot. GitHub Action will rebuild + redeploy.

=== 2026-06-22 07:40:11 BST — nightly publish ===
publish_kb.py summary (APPLY):
  • 429 concepts emitted
  • 0 skipped (private macro — frameworks/markets)
  • 137 skipped (other)
  • atlas: 429 nodes, 471 edges

By macro:
  compute                61
  memory                 24
  sensing                21
  communications         29
  energy-power           56
  manufacturing          60
  materials              62
  photonic-systems       42
  life-frontier          74
Pushed snapshot. GitHub Action will rebuild + redeploy.

=== 2026-06-23 06:30:00 BST — nightly publish ===
publish_kb.py summary (APPLY):
  • 439 concepts emitted
  • 0 skipped (private macro — frameworks/markets)
  • 144 skipped (other)
  • atlas: 439 nodes, 511 edges

By macro:
  compute                69
  memory                 24
  sensing                21
  communications         29
  energy-power           58
  manufacturing          60
  materials              62
  photonic-systems       42
  life-frontier          74
Pushed snapshot. GitHub Action will rebuild + redeploy.

=== 2026-06-24 06:30:03 BST — nightly publish ===
publish_kb.py summary (APPLY):
  • 439 concepts emitted
  • 0 skipped (private macro — frameworks/markets)
  • 145 skipped (other)
  • atlas: 439 nodes, 511 edges

By macro:
  compute                69
  memory                 24
  sensing                21
  communications         29
  energy-power           58
  manufacturing          60
  materials              62
  photonic-systems       42
  life-frontier          74
Pushed snapshot. GitHub Action will rebuild + redeploy.

=== 2026-06-25 06:34:13 BST — nightly publish ===
publish_kb.py summary (APPLY):
  • 439 concepts emitted
  • 0 skipped (private macro — frameworks/markets)
  • 145 skipped (other)
  • atlas: 439 nodes, 511 edges

By macro:
  compute                69
  memory                 24
  sensing                21
  communications         29
  energy-power           58
  manufacturing          60
  materials              62
  photonic-systems       42
  life-frontier          74
Pushed snapshot. GitHub Action will rebuild + redeploy.

=== 2026-06-26 07:43:16 CEST — nightly publish ===
publish_kb.py summary (APPLY):
  • 439 concepts emitted
  • 0 skipped (private macro — frameworks/markets)
  • 145 skipped (other)
  • atlas: 439 nodes, 511 edges

By macro:
  compute                69
  memory                 24
  sensing                21
  communications         29
  energy-power           58
  manufacturing          60
  materials              62
  photonic-systems       42
  life-frontier          74
fatal: unable to access 'https://github.com/lawrencestefanlundy/sotf-site.git/': Could not resolve host: github.com

=== 2026-06-27 06:47:02 BST — nightly publish ===
publish_kb.py summary (APPLY):
  • 440 concepts emitted
  • 0 skipped (private macro — frameworks/markets)
  • 146 skipped (other)
  • atlas: 440 nodes, 514 edges

By macro:
  compute                69
  memory                 24
  sensing                21
  communications         29
  energy-power           58
  manufacturing          61
  materials              62
  photonic-systems       42
  life-frontier          74
Pushed snapshot. GitHub Action will rebuild + redeploy.

=== 2026-06-29 08:52:30 BST — nightly publish ===
publish_kb.py summary (APPLY):
  • 440 concepts emitted
  • 0 skipped (private macro — frameworks/markets)
  • 146 skipped (other)
  • atlas: 440 nodes, 514 edges

By macro:
  compute                69
  memory                 24
  sensing                21
  communications         29
  energy-power           58
  manufacturing          61
  materials              62
  photonic-systems       42
  life-frontier          74
Pushed snapshot. GitHub Action will rebuild + redeploy.

=== 2026-06-30 06:41:38 BST — nightly publish ===
publish_kb.py summary (APPLY):
  • 440 concepts emitted
  • 0 skipped (private macro — frameworks/markets)
  • 146 skipped (other)
  • atlas: 440 nodes, 514 edges

By macro:
  compute                69
  memory                 24
  sensing                21
  communications         29
  energy-power           58
  manufacturing          61
  materials              62
  photonic-systems       42
  life-frontier          74
Pushed snapshot. GitHub Action will rebuild + redeploy.

=== 2026-07-01 06:30:01 BST — nightly publish ===
publish_kb.py summary (APPLY):
  • 440 concepts emitted
  • 0 skipped (private macro — frameworks/markets)
  • 146 skipped (other)
  • atlas: 440 nodes, 514 edges

By macro:
  compute                69
  memory                 24
  sensing                21
  communications         29
  energy-power           58
  manufacturing          61
  materials              62
  photonic-systems       42
  life-frontier          74
Pushed snapshot. GitHub Action will rebuild + redeploy.

=== 2026-07-02 07:47:01 BST — nightly publish ===
publish_kb.py summary (APPLY):
  • 440 concepts emitted
  • 0 skipped (private macro — frameworks/markets)
  • 149 skipped (other)
  • atlas: 440 nodes, 514 edges

By macro:
  compute                69
  memory                 24
  sensing                21
  communications         29
  energy-power           58
  manufacturing          61
  materials              62
  photonic-systems       42
  life-frontier          74
Pushed snapshot. GitHub Action will rebuild + redeploy.

=== 2026-07-03 06:34:51 BST — nightly publish ===
publish_kb.py summary (APPLY):
  • 440 concepts emitted
  • 0 skipped (private macro — frameworks/markets)
  • 150 skipped (other)
  • atlas: 440 nodes, 514 edges

By macro:
  compute                69
  memory                 24
  sensing                21
  communications         29
  energy-power           58
  manufacturing          61
  materials              62
  photonic-systems       42
  life-frontier          74
Pushed snapshot. GitHub Action will rebuild + redeploy.

=== 2026-07-06 06:30:01 BST — nightly publish ===
publish_kb.py summary (APPLY):
  • 440 concepts emitted
  • 0 skipped (private macro — frameworks/markets)
  • 150 skipped (other)
  • atlas: 440 nodes, 514 edges

By macro:
  compute                69
  memory                 24
  sensing                21
  communications         29
  energy-power           58
  manufacturing          61
  materials              62
  photonic-systems       42
  life-frontier          74
Pushed snapshot. GitHub Action will rebuild + redeploy.

=== 2026-07-07 08:49:15 BST — nightly publish ===
publish_kb.py summary (APPLY):
  • 440 concepts emitted
  • 0 skipped (private macro — frameworks/markets)
  • 150 skipped (other)
  • atlas: 440 nodes, 514 edges

By macro:
  compute                69
  memory                 24
  sensing                21
  communications         29
  energy-power           58
  manufacturing          61
  materials              62
  photonic-systems       42
  life-frontier          74
Pushed snapshot. GitHub Action will rebuild + redeploy.

=== 2026-07-08 06:30:02 BST — nightly publish ===
publish_kb.py summary (APPLY):
  • 433 concepts emitted
  • 0 skipped (private macro — frameworks/markets)
  • 150 skipped (other)
  • atlas: 433 nodes, 514 edges

By macro:
  compute                68
  memory                 24
  sensing                21
  communications         28
  energy-power           58
  manufacturing          60
  materials              60
  photonic-systems       42
  life-frontier          72
Pushed snapshot. GitHub Action will rebuild + redeploy.

=== 2026-07-09 06:47:45 BST — nightly publish ===
publish_kb.py summary (APPLY):
  • 433 concepts emitted
  • 0 skipped (private macro — frameworks/markets)
  • 368 skipped (other)
  • atlas: 433 nodes, 514 edges

By macro:
  compute                68
  memory                 24
  sensing                21
  communications         28
  energy-power           58
  manufacturing          60
  materials              60
  photonic-systems       42
  life-frontier          72
Pushed snapshot. GitHub Action will rebuild + redeploy.

=== 2026-07-10 06:38:21 BST — nightly publish ===
publish_kb.py summary (APPLY):
  • 433 concepts emitted
  • 0 skipped (private macro — frameworks/markets)
  • 368 skipped (other)
  • atlas: 433 nodes, 514 edges

By macro:
  compute                68
  memory                 24
  sensing                21
  communications         28
  energy-power           58
  manufacturing          60
  materials              60
  photonic-systems       42
  life-frontier          72
Pushed snapshot. GitHub Action will rebuild + redeploy.

=== 2026-07-13 06:41:53 BST — nightly publish ===
publish_kb.py summary (APPLY):
  • 433 concepts emitted
  • 0 skipped (private macro — frameworks/markets)
  • 371 skipped (other)
  • atlas: 433 nodes, 514 edges

By macro:
  compute                68
  memory                 24
  sensing                21
  communications         28
  energy-power           58
  manufacturing          60
  materials              60
  photonic-systems       42
  life-frontier          72
Pushed snapshot. GitHub Action will rebuild + redeploy.

=== 2026-07-14 06:30:28 BST — nightly publish ===
publish_kb.py summary (APPLY):
  • 433 concepts emitted
  • 0 skipped (private macro — frameworks/markets)
  • 371 skipped (other)
  • atlas: 433 nodes, 514 edges

By macro:
  compute                68
  memory                 24
  sensing                21
  communications         28
  energy-power           58
  manufacturing          60
  materials              60
  photonic-systems       42
  life-frontier          72
Pushed snapshot. GitHub Action will rebuild + redeploy.
